g++ : C:\Users\DHAWAL\AppData
\Local\Temp\ccoV1LrR.o:Leader
board.cpp:(.text+0xd12): 
undefined reference to `Leade
rboard::SEGMENT_TREE_SIZE'
At line:1 char:1
+ g++ -std=c++17 -I include 
src/AVLTree.cpp 
src/RedBlackTree.cpp src/Ma 
...
+ ~~~~~~~~~~~~~~~~~~~~~~~~~~~
~~~~~~~~~~~~~~~~~~~~~~~~~~~~~
~~~~~~~~~~~~~
    + CategoryInfo           
   : NotSpecified: (C:\User  
  s\DHAWAL...MENT_TREE_SIZ   
 E':String) [], RemoteExc    
eption
    + FullyQualifiedErrorId  
   : NativeCommandError
 
collect2.exe: error: ld 
returned 1 exit status
